components/forms/ApplicationForm.tsx(78,9): error TS2322: Type 'Resolver<{ company: string; roleTitle: string; actionDate: string; status: "draft" | "applied" | "interviewing" | "offer" | "rejected"; source?: string | undefined; jobPostingUrl?: string | undefined; ... 11 more ...; linkedContactIds?: string[] | undefined; }, any, { ...; }>' is not assignable to type 'Resolver<{ company: string; roleTitle: string; source: string; jobPostingUrl: string; jobId: string; location: string; resumeVersion: string; actionDate: string; status: "draft" | "applied" | "interviewing" | "offer" | "rejected"; ... 8 more ...; linkedContactIds: string[]; }, any, { ...; }>'.
  Types of parameters 'options' and 'options' are incompatible.
    Type 'ResolverOptions<{ company: string; roleTitle: string; source: string; jobPostingUrl: string; jobId: string; location: string; resumeVersion: string; actionDate: string; status: "draft" | "applied" | "interviewing" | "offer" | "rejected"; ... 8 more ...; linkedContactIds: string[]; }>' is not assignable to type 'ResolverOptions<{ company: string; roleTitle: string; actionDate: string; status: "draft" | "applied" | "interviewing" | "offer" | "rejected"; source?: string | undefined; jobPostingUrl?: string | undefined; ... 11 more ...; linkedContactIds?: string[] | undefined; }>'.
      Type 'string | undefined' is not assignable to type 'string'.
        Type 'undefined' is not assignable to type 'string'.
components/forms/ApplicationForm.tsx(148,38): error TS2345: Argument of type '(data: ApplicationFormValues) => Promise<void>' is not assignable to parameter of type 'SubmitHandler<TFieldValues>'.
  Types of parameters 'data' and 'data' are incompatible.
    Type 'TFieldValues' is not assignable to type '{ company: string; roleTitle: string; source: string; jobPostingUrl: string; jobId: string; location: string; resumeVersion: string; actionDate: string; status: "draft" | "applied" | "interviewing" | "offer" | "rejected"; ... 8 more ...; linkedContactIds: string[]; }'.
      Type 'FieldValues' is missing the following properties from type '{ company: string; roleTitle: string; source: string; jobPostingUrl: string; jobId: string; location: string; resumeVersion: string; actionDate: string; status: "draft" | "applied" | "interviewing" | "offer" | "rejected"; ... 8 more ...; linkedContactIds: string[]; }': company, roleTitle, source, jobPostingUrl, and 14 more.
components/forms/ContactForm.tsx(43,9): error TS2322: Type 'Resolver<{ name: string; company?: string | undefined; email?: string | undefined; phone?: string | undefined; role?: string | undefined; linkedInUrl?: string | undefined; relationship?: string | undefined; notes?: string | undefined; }, any, { ...; }>' is not assignable to type 'Resolver<{ name: string; company: string; email: string; phone: string; role: string; linkedInUrl: string; relationship: string; notes: string; }, any, { name: string; company: string; email: string; phone: string; role: string; linkedInUrl: string; relationship: string; notes: string; }>'.
  Types of parameters 'options' and 'options' are incompatible.
    Type 'ResolverOptions<{ name: string; company: string; email: string; phone: string; role: string; linkedInUrl: string; relationship: string; notes: string; }>' is not assignable to type 'ResolverOptions<{ name: string; company?: string | undefined; email?: string | undefined; phone?: string | undefined; role?: string | undefined; linkedInUrl?: string | undefined; relationship?: string | undefined; notes?: string | undefined; }>'.
      Type 'string | undefined' is not assignable to type 'string'.
        Type 'undefined' is not assignable to type 'string'.
components/forms/ContactForm.tsx(60,38): error TS2345: Argument of type '(data: { name: string; company: string; email: string; phone: string; role: string; linkedInUrl: string; relationship: string; notes: string; }) => Promise<void>' is not assignable to parameter of type 'SubmitHandler<TFieldValues>'.
  Types of parameters 'data' and 'data' are incompatible.
    Type 'TFieldValues' is not assignable to type '{ name: string; company: string; email: string; phone: string; role: string; linkedInUrl: string; relationship: string; notes: string; }'.
      Type 'FieldValues' is missing the following properties from type '{ name: string; company: string; email: string; phone: string; role: string; linkedInUrl: string; relationship: string; notes: string; }': name, company, email, phone, and 4 more.
components/ui/Input.tsx(49,29): error TS2345: Argument of type 'false | "" | 0 | 0n | "pl-10" | null | undefined' is not assignable to parameter of type 'string | boolean | null | undefined'.
  Type '0' is not assignable to type 'string | boolean | null | undefined'.
